[sblog.framer.website/index.html]
[backblue.gif]
[fade.gif]
[index.html]
[framerusercontent.com/images/NP14wTZh9IPOh12CJ0eL6dFGD8c.png]
[framerusercontent.com/images/1sBSdBK2A9n9WUejZ6kdki562zk.png]
[framerusercontent.com/images/s6HzVOSPrcht4OFYKGt3vT8Cd4ddcb.png]
[framerusercontent.com/images/ss8grGEf8f2guLHyfhLmxM2J1U87ff.png]
[framerusercontent.com/images/4ELdd7SkjRwuv1q9zZHirIGzcg5b78.png]
[sblog.framer.website/en/index.html]
[framerusercontent.com/images/OpyLlVQSW491BPws9kgDZ7INGJo7277.png]
[framerusercontent.com/images/bjzcxDawiH31zq0gbWLHKEy8Jck13d0.png]
[framerusercontent.com/images/kxG3EwYxjchOmI2xKk5q7usVfcebde.png]
[framerusercontent.com/images/xzOlkIe0d2Ttg6r8Az1Cb8EeM4d8a.png]
[framerusercontent.com/images/dV0JNaEhpZjyGFpSjQoEnx7n7Zsfec8.png]
[framerusercontent.com/images/EtyJzVfvbMflVmowuObbmTS2p3Mfd5d.png]
[framerusercontent.com/images/3YEnUFeWMcQkraFlZ6UIXcAM9f9a.png]
[framerusercontent.com/images/Ynj3OQt7Ldigkhm9AghR9itTSY0d20.png]
[framerusercontent.com/images/pWXAldEThQT9XPBCm3pY5ZwSofd23.png]
[framerusercontent.com/images/K2C7wRAWYm53JQDXNpFaebiAe56b.png]
[framerusercontent.com/images/E84IrCKUgGzIVerWAr6TSEO0poU5ab8.jpg]
[framerusercontent.com/images/nXd0tTd8YwAxsCutJqkqepyq29I.png]
[sblog.framer.website/index.html]
[www.googletagmanager.com/gtm5445.html]
[sblog.framer.website/en/index.html]
